// Jest Snapshot v1, https://goo.gl/fbAQLP

exports[`Detailed DOM rendering renders correctly for mock data 1`] = `
<div
  className="kw-detailed"
>
  <ParticipantResults
    name="FC Augsburg"
  >
    <div
      className="kw-eventresult-container"
    >
      <EventResultIndicator
        result="lose"
      />
      <EventResult
        awayName="FC Augsburg"
        awayScore={0}
        homeName="1 FSV Mainz 05"
        homeScore={2}
      />
    </div>
    <div
      className="kw-eventresult-container"
    >
      <EventResultIndicator
        result="win"
      />
      <EventResult
        awayName="Werder Bremen"
        awayScore={2}
        homeName="FC Augsburg"
        homeScore={3}
      />
    </div>
    <div
      className="kw-eventresult-container"
    >
      <EventResultIndicator
        result="win"
      />
      <EventResult
        awayName="FC Augsburg"
        awayScore={2}
        homeName="VfL Wolfsburg"
        homeScore={1}
      />
    </div>
    <div
      className="kw-eventresult-container"
    >
      <EventResultIndicator
        result="lose"
      />
      <EventResult
        awayName="1899 Hoffenheim"
        awayScore={2}
        homeName="FC Augsburg"
        homeScore={0}
      />
    </div>
    <div
      className="kw-eventresult-container"
    >
      <EventResultIndicator
        result="draw"
      />
      <EventResult
        awayName="FC Augsburg"
        awayScore={1}
        homeName="Hannover 96"
        homeScore={1}
      />
    </div>
    <div
      className="kw-eventresult-container"
    >
      <EventResultIndicator
        result="draw"
      />
      <EventResult
        awayName="AZ Alkmaar"
        awayScore={1}
        homeName="FC Augsburg"
        homeScore={1}
      />
    </div>
  </ParticipantResults>
  <ParticipantResults
    name="Bayer Leverkusen"
  >
    <div
      className="kw-eventresult-container"
    >
      <EventResultIndicator
        result="win"
      />
      <EventResult
        awayName="Eintracht Frankfurt"
        awayScore={0}
        homeName="Bayer Leverkusen"
        homeScore={3}
      />
    </div>
    <div
      className="kw-eventresult-container"
    >
      <EventResultIndicator
        result="lose"
      />
      <EventResult
        awayName="Bayer Leverkusen"
        awayScore={0}
        homeName="Hamburger SV"
        homeScore={1}
      />
    </div>
    <div
      className="kw-eventresult-container"
    >
      <EventResultIndicator
        result="lose"
      />
      <EventResult
        awayName="Monchengladbach"
        awayScore={3}
        homeName="Bayer Leverkusen"
        homeScore={2}
      />
    </div>
    <div
      className="kw-eventresult-container"
    >
      <EventResultIndicator
        result="win"
      />
      <EventResult
        awayName="Hertha BSC"
        awayScore={1}
        homeName="Bayer Leverkusen"
        homeScore={3}
      />
    </div>
    <div
      className="kw-eventresult-container"
    >
      <EventResultIndicator
        result="win"
      />
      <EventResult
        awayName="VfL Bochum"
        awayScore={1}
        homeName="Bayer Leverkusen"
        homeScore={2}
      />
    </div>
    <div
      className="kw-eventresult-container"
    >
      <EventResultIndicator
        result="win"
      />
      <EventResult
        awayName="Atletico Mineiro MG"
        awayScore={0}
        homeName="Bayer Leverkusen"
        homeScore={1}
      />
    </div>
  </ParticipantResults>
</div>
`;
